// Jest Snapshot v1, https://goo.gl/fbAQLP

exports[`matches snapshot 1`] = `
<DocumentFragment>
  <div>
    <h3>
      Boxes
    </h3>
    <form>
      <label
        for="backgroundColor"
      >
        Background Color
      </label>
      <input
        id="backgroundColor"
        name="backgroundColor"
        placeholder="Background Color"
        type="text"
        value="red"
      />
      <label
        for="height"
      >
        Height in pixels:100
      </label>
      <input
        id="height"
        max="500"
        min="100"
        name="height"
        step="100"
        type="range"
        value="100"
      />
      <label
        for="width"
      >
        Width in pixels:100
      </label>
      <input
        id="width"
        max="500"
        min="100"
        name="width"
        step="100"
        type="range"
        value="100"
      />
      <button>
        Add Box
      </button>
    </form>
    <div>
      <div
        data-testid="red 300 200"
        style="margin: 20px; background-color: red; height: 300px; width: 200px;"
      />
      <button
        data-testid="red 300 200 X"
      >
        X
      </button>
      <div
        data-testid="black 200 100"
        style="margin: 20px; background-color: black; height: 200px; width: 100px;"
      />
      <button
        data-testid="black 200 100 X"
      >
        X
      </button>
    </div>
  </div>
</DocumentFragment>
`;
